2026-09-18 08:38:07 — ==========================================
2026-09-18 08:38:07 — Phase 2 Pipeline: All Metros
2026-09-18 08:38:07 — ==========================================
2026-09-18 08:38:07 — Mode: PARALLEL
2026-09-18 08:38:07 — Workers per batch: 3
2026-09-18 08:38:07 — Skip completed: 1
2026-09-18 08:38:07 — 
2026-09-18 08:38:07 — Track A (dog_training/prompt2): 16 metros
2026-09-18 08:38:07 — Track B (daycare_boarding/prompt1): 16 metros
2026-09-18 08:38:07 — 
2026-09-18 08:38:07 — Parallel execution: alternating Track A & B
2026-09-18 08:38:07 — 
2026-09-18 08:38:21 — ==========================================
2026-09-18 08:38:21 — Phase 2 Pipeline: All Metros
2026-09-18 08:38:21 — ==========================================
2026-09-18 08:38:21 — Mode: PARALLEL
2026-09-18 08:38:21 — Workers per batch: 3
2026-09-18 08:38:21 — Skip completed: 1
2026-09-18 08:38:21 — 
2026-09-18 08:38:21 — Track A (dog_training/prompt2): 16 metros
2026-09-18 08:38:21 — Track B (daycare_boarding/prompt1): 16 metros
2026-09-18 08:38:21 — 
2026-09-18 08:38:21 — Parallel execution: alternating Track A & B
2026-09-18 08:38:21 — 
2026-09-18 08:38:21 — [START] prompt2/dog_training/New York, NY
2026-09-18 08:38:23 — [START] prompt1/daycare_boarding/San Francisco Bay Area, CA
2026-09-18 08:38:23 — [DONE] prompt2/dog_training/New York, NY — completed
2026-09-18 08:38:25 — [START] prompt2/dog_training/Los Angeles, CA
2026-09-18 08:38:26 — [DONE] prompt2/dog_training/Los Angeles, CA — completed
2026-09-18 08:38:27 — [START] prompt1/daycare_boarding/Los Angeles, CA
2026-09-18 08:38:29 — [START] prompt2/dog_training/Chicago, IL
2026-09-18 08:38:31 — [START] prompt1/daycare_boarding/New York, NY
2026-09-18 08:38:31 — [DONE] prompt2/dog_training/Chicago, IL — completed
2026-09-18 08:38:33 — [START] prompt2/dog_training/Houston, TX
2026-09-18 08:38:34 — [DONE] prompt2/dog_training/Houston, TX — completed
2026-09-18 08:38:35 — [START] prompt1/daycare_boarding/Boston, MA
2026-09-18 08:38:37 — [START] prompt2/dog_training/Phoenix, AZ
2026-09-18 08:38:39 — [START] prompt1/daycare_boarding/Washington, DC
2026-09-18 08:38:39 — [DONE] prompt2/dog_training/Phoenix, AZ — completed
2026-09-18 08:38:41 — [START] prompt2/dog_training/Philadelphia, PA
2026-09-18 08:38:43 — [START] prompt1/daycare_boarding/Seattle, WA
2026-09-18 08:38:43 — [DONE] prompt2/dog_training/Philadelphia, PA — completed
2026-09-18 08:38:45 — [START] prompt2/dog_training/San Diego, CA
2026-09-18 08:38:47 — [START] prompt1/daycare_boarding/Denver, CO
2026-09-18 08:38:47 — [DONE] prompt2/dog_training/San Diego, CA — completed
2026-09-18 08:38:49 — [START] prompt2/dog_training/Dallas, TX
2026-09-18 08:38:51 — [START] prompt1/daycare_boarding/Chicago, IL
2026-09-18 08:38:53 — [START] prompt2/dog_training/San Francisco Bay Area, CA
2026-09-18 08:38:55 — [START] prompt1/daycare_boarding/San Diego, CA
2026-09-18 08:38:57 — [START] prompt2/dog_training/Boston, MA
2026-09-18 08:38:59 — [START] prompt1/daycare_boarding/Philadelphia, PA
2026-09-18 08:38:59 — [DONE] prompt2/dog_training/Boston, MA — completed
2026-09-18 08:39:01 — [START] prompt2/dog_training/Washington, DC
2026-09-18 08:39:01 — [DONE] prompt2/dog_training/Washington, DC — completed
2026-09-18 08:39:03 — [START] prompt1/daycare_boarding/Phoenix, AZ
2026-09-18 08:39:05 — [START] prompt2/dog_training/Seattle, WA
2026-09-18 08:39:05 — [DONE] prompt2/dog_training/Seattle, WA — completed
2026-09-18 08:39:07 — [START] prompt1/daycare_boarding/Dallas, TX
2026-09-18 08:39:09 — [START] prompt2/dog_training/Denver, CO
2026-09-18 08:39:09 — [DONE] prompt2/dog_training/Denver, CO — completed
2026-09-18 08:39:11 — [START] prompt1/daycare_boarding/Houston, TX
2026-09-18 08:39:13 — [START] prompt2/dog_training/Austin, TX
2026-09-18 08:39:13 — [DONE] prompt2/dog_training/Austin, TX — completed
2026-09-18 08:39:15 — [START] prompt1/daycare_boarding/Austin, TX
2026-09-18 08:39:17 — [START] prompt2/dog_training/Atlanta, GA
2026-09-18 08:39:17 — [DONE] prompt2/dog_training/Atlanta, GA — completed
2026-09-18 08:39:19 — [START] prompt1/daycare_boarding/Atlanta, GA
2026-09-18 08:39:21 — [START] prompt2/dog_training/Miami, FL
2026-09-18 08:39:23 — [START] prompt1/daycare_boarding/Miami, FL
2026-09-18 08:39:23 — [DONE] prompt2/dog_training/Miami, FL — completed
2026-09-18 08:39:25 — All batches queued; waiting for completion...
